// Jest Snapshot v1, https://goo.gl/fbAQLP

exports[`It should match snapshot 1`] = `
<section
  className="sec2"
  data-testid="id__section_main"
  onSubmit={[Function]}
>
  <div
    data-testid="id__div"
  >
    <h2
      data-testid="id__headline"
    >
      The Required Info
    </h2>
    <form
      data-testid="id__form"
    >
      <label
        data-testid="id__label__name"
      >
        Name:
      </label>
      <br />
      <input
        data-testid="id__input__name"
        id="name"
        name="name"
        onChange={[Function]}
        placeholder="name"
        type="text"
        value=""
      />
      <br />
      <label
        data-testid="id__label__weight"
      >
        Weight:
      </label>
      <br />
      <input
        data-testid="id__input__weight"
        id="number"
        name="weight"
        onChange={[Function]}
        placeholder="weight in KG"
        type="number"
        value={0}
      />
      <br />
      <input
        className="color__button"
        data-testid="id__label__color"
        id="color___label"
        onClick={[Function]}
        type="button"
        value="Click here to show the Color Picker"
      />
      <br />
      <div
        data-testid="id__div__select"
      >
        <label
          data-testid="id__label__country"
        >
          Country:
        </label>
        <br />
        <select
          className="select"
          data-testid="id__select__country"
          id="slct"
          onChange={[Function]}
          value=""
        >
          <option
            data-testid="id__select__1"
            value=""
          >
            Select a country
          </option>
          <option
            data-testid="id__select__2"
            value="Sweden"
          >
            Sweden
          </option>
          <option
            data-testid="id__select__3"
            value="China"
          >
            China
          </option>
          <option
            data-testid="id__select__4"
            value="Brazil"
          >
            Brazil
          </option>
          <option
            data-testid="id__select__5"
            value="Australia"
          >
            Australia
          </option>
        </select>
      </div>
      <br />
      <input
        data-testid="id__input__submit"
        type="submit"
        value="Save"
      />
       
      <br />
    </form>
  </div>
  <div
    className="Toastify"
  />
</section>
`;
