// Jest Snapshot v1, https://goo.gl/fbAQLP

exports[`It should match snapshot 1`] = `
<section
  className="sec2"
  data-testid="id__section_main"
  onSubmit={[Function]}
>
  <div
    data-testid="id__div"
  >
    <h2
      data-testid="id__headline"
    >
      The Required Info
    </h2>
    <form
      data-testid="id__form"
    >
      <label
        data-testid="id__label__name"
      >
        Name:
      </label>
      <br />
      <input
        data-testid="id__input__name"
        id="name"
        name="name"
        onChange={[Function]}
        placeholder="name"
        type="text"
        value=""
      />
      <br />
      <label
        data-testid="id__label__weight"
      >
        Weight:
      </label>
      <br />
      <input
        data-testid="id__input__weight"
        id="number"
        name="weight"
        onChange={[Function]}
        placeholder="weight in KG"
        type="number"
        value={0}
      />
      <br />
      <input
        className="label1"
        data-testid="id__label__color"
        defaultValue="Click here to Close/Show the Color Picker"
        id="color__label"
        onClick={[Function]}
        readOnly="readonly"
        type="text"
      />
      <br />
      <div
        className="color"
        data-testid="id__div__color"
        id="color"
      >
        <div
          className="github-picker "
          style={
            Object {
              "MozBorderRadius": "4px",
              "MozBoxShadow": "0 3px 12px rgba(0,0,0,0.15)",
              "OBorderRadius": "4px",
              "OBoxShadow": "0 3px 12px rgba(0,0,0,0.15)",
              "WebkitBorderRadius": "4px",
              "WebkitBoxShadow": "0 3px 12px rgba(0,0,0,0.15)",
              "background": "#fff",
              "border": "1px solid rgba(0,0,0,0.2)",
              "borderRadius": "4px",
              "boxShadow": "0 3px 12px rgba(0,0,0,0.15)",
              "display": "flex",
              "flexWrap": "wrap",
              "msBorderRadius": "4px",
              "msBoxShadow": "0 3px 12px rgba(0,0,0,0.15)",
              "padding": "5px",
              "position": "relative",
              "width": "60%",
            }
          }
        >
          <div
            style={
              Object {
                "border": "8px solid transparent",
                "borderBottomColor": "rgba(0,0,0,0.15)",
                "left": "9px",
                "position": "absolute",
                "top": "-16px",
              }
            }
          />
          <div
            style={
              Object {
                "border": "7px solid transparent",
                "borderBottomColor": "#fff",
                "left": "10px",
                "position": "absolute",
                "top": "-14px",
              }
            }
          />
          <span
            onMouseOut={[Function]}
            onMouseOver={[Function]}
          >
            <div
              style={
                Object {
                  "fontSize": "0",
                  "height": "25px",
                  "width": "25px",
                }
              }
            >
              <span
                onBlur={[Function]}
                onFocus={[Function]}
              >
                <div
                  onClick={[Function]}
                  onKeyDown={[Function]}
                  style={
                    Object {
                      "background": "#FFB74D",
                      "cursor": "pointer",
                      "height": "100%",
                      "outline": "none",
                      "position": "relative",
                      "width": "100%",
                    }
                  }
                  tabIndex={0}
                  title="#FFB74D"
                />
              </span>
            </div>
          </span>
          <span
            onMouseOut={[Function]}
            onMouseOver={[Function]}
          >
            <div
              style={
                Object {
                  "fontSize": "0",
                  "height": "25px",
                  "width": "25px",
                }
              }
            >
              <span
                onBlur={[Function]}
                onFocus={[Function]}
              >
                <div
                  onClick={[Function]}
                  onKeyDown={[Function]}
                  style={
                    Object {
                      "background": "#008B02",
                      "cursor": "pointer",
                      "height": "100%",
                      "outline": "none",
                      "position": "relative",
                      "width": "100%",
                    }
                  }
                  tabIndex={0}
                  title="#008B02"
                />
              </span>
            </div>
          </span>
          <span
            onMouseOut={[Function]}
            onMouseOver={[Function]}
          >
            <div
              style={
                Object {
                  "fontSize": "0",
                  "height": "25px",
                  "width": "25px",
                }
              }
            >
              <span
                onBlur={[Function]}
                onFocus={[Function]}
              >
                <div
                  onClick={[Function]}
                  onKeyDown={[Function]}
                  style={
                    Object {
                      "background": "#EB9694",
                      "cursor": "pointer",
                      "height": "100%",
                      "outline": "none",
                      "position": "relative",
                      "width": "100%",
                    }
                  }
                  tabIndex={0}
                  title="#EB9694"
                />
              </span>
            </div>
          </span>
          <span
            onMouseOut={[Function]}
            onMouseOver={[Function]}
          >
            <div
              style={
                Object {
                  "fontSize": "0",
                  "height": "25px",
                  "width": "25px",
                }
              }
            >
              <span
                onBlur={[Function]}
                onFocus={[Function]}
              >
                <div
                  onClick={[Function]}
                  onKeyDown={[Function]}
                  style={
                    Object {
                      "background": "#FAD0C3",
                      "cursor": "pointer",
                      "height": "100%",
                      "outline": "none",
                      "position": "relative",
                      "width": "100%",
                    }
                  }
                  tabIndex={0}
                  title="#FAD0C3"
                />
              </span>
            </div>
          </span>
          <span
            onMouseOut={[Function]}
            onMouseOver={[Function]}
          >
            <div
              style={
                Object {
                  "fontSize": "0",
                  "height": "25px",
                  "width": "25px",
                }
              }
            >
              <span
                onBlur={[Function]}
                onFocus={[Function]}
              >
                <div
                  onClick={[Function]}
                  onKeyDown={[Function]}
                  style={
                    Object {
                      "background": "#FEF3BD",
                      "cursor": "pointer",
                      "height": "100%",
                      "outline": "none",
                      "position": "relative",
                      "width": "100%",
                    }
                  }
                  tabIndex={0}
                  title="#FEF3BD"
                />
              </span>
            </div>
          </span>
          <span
            onMouseOut={[Function]}
            onMouseOver={[Function]}
          >
            <div
              style={
                Object {
                  "fontSize": "0",
                  "height": "25px",
                  "width": "25px",
                }
              }
            >
              <span
                onBlur={[Function]}
                onFocus={[Function]}
              >
                <div
                  onClick={[Function]}
                  onKeyDown={[Function]}
                  style={
                    Object {
                      "background": "#e84393",
                      "cursor": "pointer",
                      "height": "100%",
                      "outline": "none",
                      "position": "relative",
                      "width": "100%",
                    }
                  }
                  tabIndex={0}
                  title="#e84393"
                />
              </span>
            </div>
          </span>
          <span
            onMouseOut={[Function]}
            onMouseOver={[Function]}
          >
            <div
              style={
                Object {
                  "fontSize": "0",
                  "height": "25px",
                  "width": "25px",
                }
              }
            >
              <span
                onBlur={[Function]}
                onFocus={[Function]}
              >
                <div
                  onClick={[Function]}
                  onKeyDown={[Function]}
                  style={
                    Object {
                      "background": "#2d3436",
                      "cursor": "pointer",
                      "height": "100%",
                      "outline": "none",
                      "position": "relative",
                      "width": "100%",
                    }
                  }
                  tabIndex={0}
                  title="#2d3436"
                />
              </span>
            </div>
          </span>
          <span
            onMouseOut={[Function]}
            onMouseOver={[Function]}
          >
            <div
              style={
                Object {
                  "fontSize": "0",
                  "height": "25px",
                  "width": "25px",
                }
              }
            >
              <span
                onBlur={[Function]}
                onFocus={[Function]}
              >
                <div
                  onClick={[Function]}
                  onKeyDown={[Function]}
                  style={
                    Object {
                      "background": "#C1E1C5",
                      "cursor": "pointer",
                      "height": "100%",
                      "outline": "none",
                      "position": "relative",
                      "width": "100%",
                    }
                  }
                  tabIndex={0}
                  title="#C1E1C5"
                />
              </span>
            </div>
          </span>
          <span
            onMouseOut={[Function]}
            onMouseOver={[Function]}
          >
            <div
              style={
                Object {
                  "fontSize": "0",
                  "height": "25px",
                  "width": "25px",
                }
              }
            >
              <span
                onBlur={[Function]}
                onFocus={[Function]}
              >
                <div
                  onClick={[Function]}
                  onKeyDown={[Function]}
                  style={
                    Object {
                      "background": "#00b894",
                      "cursor": "pointer",
                      "height": "100%",
                      "outline": "none",
                      "position": "relative",
                      "width": "100%",
                    }
                  }
                  tabIndex={0}
                  title="#00b894"
                />
              </span>
            </div>
          </span>
          <span
            onMouseOut={[Function]}
            onMouseOver={[Function]}
          >
            <div
              style={
                Object {
                  "fontSize": "0",
                  "height": "25px",
                  "width": "25px",
                }
              }
            >
              <span
                onBlur={[Function]}
                onFocus={[Function]}
              >
                <div
                  onClick={[Function]}
                  onKeyDown={[Function]}
                  style={
                    Object {
                      "background": "#7f8c8d",
                      "cursor": "pointer",
                      "height": "100%",
                      "outline": "none",
                      "position": "relative",
                      "width": "100%",
                    }
                  }
                  tabIndex={0}
                  title="#7f8c8d"
                />
              </span>
            </div>
          </span>
          <span
            onMouseOut={[Function]}
            onMouseOver={[Function]}
          >
            <div
              style={
                Object {
                  "fontSize": "0",
                  "height": "25px",
                  "width": "25px",
                }
              }
            >
              <span
                onBlur={[Function]}
                onFocus={[Function]}
              >
                <div
                  onClick={[Function]}
                  onKeyDown={[Function]}
                  style={
                    Object {
                      "background": "#fff",
                      "cursor": "pointer",
                      "height": "100%",
                      "outline": "none",
                      "position": "relative",
                      "width": "100%",
                    }
                  }
                  tabIndex={0}
                  title="#fff"
                />
              </span>
            </div>
          </span>
          <span
            onMouseOut={[Function]}
            onMouseOver={[Function]}
          >
            <div
              style={
                Object {
                  "fontSize": "0",
                  "height": "25px",
                  "width": "25px",
                }
              }
            >
              <span
                onBlur={[Function]}
                onFocus={[Function]}
              >
                <div
                  onClick={[Function]}
                  onKeyDown={[Function]}
                  style={
                    Object {
                      "background": "#006266",
                      "cursor": "pointer",
                      "height": "100%",
                      "outline": "none",
                      "position": "relative",
                      "width": "100%",
                    }
                  }
                  tabIndex={0}
                  title="#006266"
                />
              </span>
            </div>
          </span>
          <span
            onMouseOut={[Function]}
            onMouseOver={[Function]}
          >
            <div
              style={
                Object {
                  "fontSize": "0",
                  "height": "25px",
                  "width": "25px",
                }
              }
            >
              <span
                onBlur={[Function]}
                onFocus={[Function]}
              >
                <div
                  onClick={[Function]}
                  onKeyDown={[Function]}
                  style={
                    Object {
                      "background": "#EA2027",
                      "cursor": "pointer",
                      "height": "100%",
                      "outline": "none",
                      "position": "relative",
                      "width": "100%",
                    }
                  }
                  tabIndex={0}
                  title="#EA2027"
                />
              </span>
            </div>
          </span>
          <span
            onMouseOut={[Function]}
            onMouseOver={[Function]}
          >
            <div
              style={
                Object {
                  "fontSize": "0",
                  "height": "25px",
                  "width": "25px",
                }
              }
            >
              <span
                onBlur={[Function]}
                onFocus={[Function]}
              >
                <div
                  onClick={[Function]}
                  onKeyDown={[Function]}
                  style={
                    Object {
                      "background": "#795548",
                      "cursor": "pointer",
                      "height": "100%",
                      "outline": "none",
                      "position": "relative",
                      "width": "100%",
                    }
                  }
                  tabIndex={0}
                  title="#795548"
                />
              </span>
            </div>
          </span>
          <span
            onMouseOut={[Function]}
            onMouseOver={[Function]}
          >
            <div
              style={
                Object {
                  "fontSize": "0",
                  "height": "25px",
                  "width": "25px",
                }
              }
            >
              <span
                onBlur={[Function]}
                onFocus={[Function]}
              >
                <div
                  onClick={[Function]}
                  onKeyDown={[Function]}
                  style={
                    Object {
                      "background": "#f44336",
                      "cursor": "pointer",
                      "height": "100%",
                      "outline": "none",
                      "position": "relative",
                      "width": "100%",
                    }
                  }
                  tabIndex={0}
                  title="#f44336"
                />
              </span>
            </div>
          </span>
          <span
            onMouseOut={[Function]}
            onMouseOver={[Function]}
          >
            <div
              style={
                Object {
                  "fontSize": "0",
                  "height": "25px",
                  "width": "25px",
                }
              }
            >
              <span
                onBlur={[Function]}
                onFocus={[Function]}
              >
                <div
                  onClick={[Function]}
                  onKeyDown={[Function]}
                  style={
                    Object {
                      "background": "#e91e63",
                      "cursor": "pointer",
                      "height": "100%",
                      "outline": "none",
                      "position": "relative",
                      "width": "100%",
                    }
                  }
                  tabIndex={0}
                  title="#e91e63"
                />
              </span>
            </div>
          </span>
        </div>
      </div>
      <br />
      <div
        data-testid="id__div__select"
      >
        <label
          data-testid="id__label__country"
        >
          Country:
        </label>
        <br />
        <select
          className="select"
          data-testid="id__select__country"
          id="slct"
          onChange={[Function]}
          value=""
        >
          <option
            data-testid="id__select__1"
            value=""
          >
            Select a country
          </option>
          <option
            data-testid="id__select__2"
            value="Sweden"
          >
            Sweden
          </option>
          <option
            data-testid="id__select__3"
            value="China"
          >
            China
          </option>
          <option
            data-testid="id__select__4"
            value="Brazil"
          >
            Brazil
          </option>
          <option
            data-testid="id__select__5"
            value="Australia"
          >
            Australia
          </option>
        </select>
      </div>
      <br />
      <input
        data-testid="id__input__submit"
        type="submit"
        value="Save"
      />
       
      <br />
    </form>
  </div>
  <div
    className="Toastify"
  />
</section>
`;
