// Jest Snapshot v1, https://goo.gl/fbAQLP

exports[`It should match snapshot 1`] = `
<section
  className="sec2"
  data-testid="id__section_main"
  onSubmit={[Function]}
>
  <div
    data-testid="id__div"
  >
    <h2
      data-testid="id__headline"
    >
      The Required Info
    </h2>
    <form
      data-testid="id__form"
    >
      <label
        data-testid="id__label__name"
      >
        Name:
      </label>
      <br />
      <input
        data-testid="id__input__name"
        id="name"
        name="name"
        onChange={[Function]}
        placeholder="name"
        type="text"
        value=""
      />
      <br />
      <label
        data-testid="id__label__weight"
      >
        Weight:
      </label>
      <br />
      <input
        data-testid="id__input__weight"
        id="number"
        name="weight"
        onChange={[Function]}
        placeholder="weight in KG"
        type="number"
        value={0}
      />
      <br />
      <label
        className="label1"
        data-testid="id__label__color"
      >
        Select a colour:
      </label>
      <br />
      <div
        className="color"
        data-testid="id__div__color"
      >
        <div
          className="circle-picker "
          style={
            Object {
              "display": "flex",
              "flexWrap": "wrap",
              "marginBottom": -14,
              "marginRight": -14,
              "width": "100%",
            }
          }
        >
          <span
            onMouseOut={[Function]}
            onMouseOver={[Function]}
          >
            <div
              style={
                Object {
                  "MozTransform": "scale(1)",
                  "MozTransition": "100ms transform ease",
                  "OTransform": "scale(1)",
                  "OTransition": "100ms transform ease",
                  "WebkitTransform": "scale(1)",
                  "WebkitTransition": "100ms transform ease",
                  "height": 28,
                  "marginBottom": 14,
                  "marginRight": 14,
                  "msTransform": "scale(1)",
                  "msTransition": "100ms transform ease",
                  "transform": "scale(1)",
                  "transition": "100ms transform ease",
                  "width": 28,
                }
              }
            >
              <span
                onBlur={[Function]}
                onFocus={[Function]}
              >
                <div
                  onClick={[Function]}
                  onKeyDown={[Function]}
                  style={
                    Object {
                      "MozBorderRadius": "50%",
                      "MozBoxShadow": "inset 0 0 0 15px #B80000",
                      "MozTransition": "100ms box-shadow ease",
                      "OBorderRadius": "50%",
                      "OBoxShadow": "inset 0 0 0 15px #B80000",
                      "OTransition": "100ms box-shadow ease",
                      "WebkitBorderRadius": "50%",
                      "WebkitBoxShadow": "inset 0 0 0 15px #B80000",
                      "WebkitTransition": "100ms box-shadow ease",
                      "background": "transparent",
                      "borderRadius": "50%",
                      "boxShadow": "inset 0 0 0 15px #B80000",
                      "cursor": "pointer",
                      "height": "100%",
                      "msBorderRadius": "50%",
                      "msBoxShadow": "inset 0 0 0 15px #B80000",
                      "msTransition": "100ms box-shadow ease",
                      "outline": "none",
                      "position": "relative",
                      "transition": "100ms box-shadow ease",
                      "width": "100%",
                    }
                  }
                  tabIndex={0}
                  title="#B80000"
                />
              </span>
            </div>
          </span>
          <span
            onMouseOut={[Function]}
            onMouseOver={[Function]}
          >
            <div
              style={
                Object {
                  "MozTransform": "scale(1)",
                  "MozTransition": "100ms transform ease",
                  "OTransform": "scale(1)",
                  "OTransition": "100ms transform ease",
                  "WebkitTransform": "scale(1)",
                  "WebkitTransition": "100ms transform ease",
                  "height": 28,
                  "marginBottom": 14,
                  "marginRight": 14,
                  "msTransform": "scale(1)",
                  "msTransition": "100ms transform ease",
                  "transform": "scale(1)",
                  "transition": "100ms transform ease",
                  "width": 28,
                }
              }
            >
              <span
                onBlur={[Function]}
                onFocus={[Function]}
              >
                <div
                  onClick={[Function]}
                  onKeyDown={[Function]}
                  style={
                    Object {
                      "MozBorderRadius": "50%",
                      "MozBoxShadow": "inset 0 0 0 15px #DB3E00",
                      "MozTransition": "100ms box-shadow ease",
                      "OBorderRadius": "50%",
                      "OBoxShadow": "inset 0 0 0 15px #DB3E00",
                      "OTransition": "100ms box-shadow ease",
                      "WebkitBorderRadius": "50%",
                      "WebkitBoxShadow": "inset 0 0 0 15px #DB3E00",
                      "WebkitTransition": "100ms box-shadow ease",
                      "background": "transparent",
                      "borderRadius": "50%",
                      "boxShadow": "inset 0 0 0 15px #DB3E00",
                      "cursor": "pointer",
                      "height": "100%",
                      "msBorderRadius": "50%",
                      "msBoxShadow": "inset 0 0 0 15px #DB3E00",
                      "msTransition": "100ms box-shadow ease",
                      "outline": "none",
                      "position": "relative",
                      "transition": "100ms box-shadow ease",
                      "width": "100%",
                    }
                  }
                  tabIndex={0}
                  title="#DB3E00"
                />
              </span>
            </div>
          </span>
          <span
            onMouseOut={[Function]}
            onMouseOver={[Function]}
          >
            <div
              style={
                Object {
                  "MozTransform": "scale(1)",
                  "MozTransition": "100ms transform ease",
                  "OTransform": "scale(1)",
                  "OTransition": "100ms transform ease",
                  "WebkitTransform": "scale(1)",
                  "WebkitTransition": "100ms transform ease",
                  "height": 28,
                  "marginBottom": 14,
                  "marginRight": 14,
                  "msTransform": "scale(1)",
                  "msTransition": "100ms transform ease",
                  "transform": "scale(1)",
                  "transition": "100ms transform ease",
                  "width": 28,
                }
              }
            >
              <span
                onBlur={[Function]}
                onFocus={[Function]}
              >
                <div
                  onClick={[Function]}
                  onKeyDown={[Function]}
                  style={
                    Object {
                      "MozBorderRadius": "50%",
                      "MozBoxShadow": "inset 0 0 0 15px #FCCB00",
                      "MozTransition": "100ms box-shadow ease",
                      "OBorderRadius": "50%",
                      "OBoxShadow": "inset 0 0 0 15px #FCCB00",
                      "OTransition": "100ms box-shadow ease",
                      "WebkitBorderRadius": "50%",
                      "WebkitBoxShadow": "inset 0 0 0 15px #FCCB00",
                      "WebkitTransition": "100ms box-shadow ease",
                      "background": "transparent",
                      "borderRadius": "50%",
                      "boxShadow": "inset 0 0 0 15px #FCCB00",
                      "cursor": "pointer",
                      "height": "100%",
                      "msBorderRadius": "50%",
                      "msBoxShadow": "inset 0 0 0 15px #FCCB00",
                      "msTransition": "100ms box-shadow ease",
                      "outline": "none",
                      "position": "relative",
                      "transition": "100ms box-shadow ease",
                      "width": "100%",
                    }
                  }
                  tabIndex={0}
                  title="#FCCB00"
                />
              </span>
            </div>
          </span>
          <span
            onMouseOut={[Function]}
            onMouseOver={[Function]}
          >
            <div
              style={
                Object {
                  "MozTransform": "scale(1)",
                  "MozTransition": "100ms transform ease",
                  "OTransform": "scale(1)",
                  "OTransition": "100ms transform ease",
                  "WebkitTransform": "scale(1)",
                  "WebkitTransition": "100ms transform ease",
                  "height": 28,
                  "marginBottom": 14,
                  "marginRight": 14,
                  "msTransform": "scale(1)",
                  "msTransition": "100ms transform ease",
                  "transform": "scale(1)",
                  "transition": "100ms transform ease",
                  "width": 28,
                }
              }
            >
              <span
                onBlur={[Function]}
                onFocus={[Function]}
              >
                <div
                  onClick={[Function]}
                  onKeyDown={[Function]}
                  style={
                    Object {
                      "MozBorderRadius": "50%",
                      "MozBoxShadow": "inset 0 0 0 15px #008B02",
                      "MozTransition": "100ms box-shadow ease",
                      "OBorderRadius": "50%",
                      "OBoxShadow": "inset 0 0 0 15px #008B02",
                      "OTransition": "100ms box-shadow ease",
                      "WebkitBorderRadius": "50%",
                      "WebkitBoxShadow": "inset 0 0 0 15px #008B02",
                      "WebkitTransition": "100ms box-shadow ease",
                      "background": "transparent",
                      "borderRadius": "50%",
                      "boxShadow": "inset 0 0 0 15px #008B02",
                      "cursor": "pointer",
                      "height": "100%",
                      "msBorderRadius": "50%",
                      "msBoxShadow": "inset 0 0 0 15px #008B02",
                      "msTransition": "100ms box-shadow ease",
                      "outline": "none",
                      "position": "relative",
                      "transition": "100ms box-shadow ease",
                      "width": "100%",
                    }
                  }
                  tabIndex={0}
                  title="#008B02"
                />
              </span>
            </div>
          </span>
          <span
            onMouseOut={[Function]}
            onMouseOver={[Function]}
          >
            <div
              style={
                Object {
                  "MozTransform": "scale(1)",
                  "MozTransition": "100ms transform ease",
                  "OTransform": "scale(1)",
                  "OTransition": "100ms transform ease",
                  "WebkitTransform": "scale(1)",
                  "WebkitTransition": "100ms transform ease",
                  "height": 28,
                  "marginBottom": 14,
                  "marginRight": 14,
                  "msTransform": "scale(1)",
                  "msTransition": "100ms transform ease",
                  "transform": "scale(1)",
                  "transition": "100ms transform ease",
                  "width": 28,
                }
              }
            >
              <span
                onBlur={[Function]}
                onFocus={[Function]}
              >
                <div
                  onClick={[Function]}
                  onKeyDown={[Function]}
                  style={
                    Object {
                      "MozBorderRadius": "50%",
                      "MozBoxShadow": "inset 0 0 0 15px #EB9694",
                      "MozTransition": "100ms box-shadow ease",
                      "OBorderRadius": "50%",
                      "OBoxShadow": "inset 0 0 0 15px #EB9694",
                      "OTransition": "100ms box-shadow ease",
                      "WebkitBorderRadius": "50%",
                      "WebkitBoxShadow": "inset 0 0 0 15px #EB9694",
                      "WebkitTransition": "100ms box-shadow ease",
                      "background": "transparent",
                      "borderRadius": "50%",
                      "boxShadow": "inset 0 0 0 15px #EB9694",
                      "cursor": "pointer",
                      "height": "100%",
                      "msBorderRadius": "50%",
                      "msBoxShadow": "inset 0 0 0 15px #EB9694",
                      "msTransition": "100ms box-shadow ease",
                      "outline": "none",
                      "position": "relative",
                      "transition": "100ms box-shadow ease",
                      "width": "100%",
                    }
                  }
                  tabIndex={0}
                  title="#EB9694"
                />
              </span>
            </div>
          </span>
          <span
            onMouseOut={[Function]}
            onMouseOver={[Function]}
          >
            <div
              style={
                Object {
                  "MozTransform": "scale(1)",
                  "MozTransition": "100ms transform ease",
                  "OTransform": "scale(1)",
                  "OTransition": "100ms transform ease",
                  "WebkitTransform": "scale(1)",
                  "WebkitTransition": "100ms transform ease",
                  "height": 28,
                  "marginBottom": 14,
                  "marginRight": 14,
                  "msTransform": "scale(1)",
                  "msTransition": "100ms transform ease",
                  "transform": "scale(1)",
                  "transition": "100ms transform ease",
                  "width": 28,
                }
              }
            >
              <span
                onBlur={[Function]}
                onFocus={[Function]}
              >
                <div
                  onClick={[Function]}
                  onKeyDown={[Function]}
                  style={
                    Object {
                      "MozBorderRadius": "50%",
                      "MozBoxShadow": "inset 0 0 0 15px #FAD0C3",
                      "MozTransition": "100ms box-shadow ease",
                      "OBorderRadius": "50%",
                      "OBoxShadow": "inset 0 0 0 15px #FAD0C3",
                      "OTransition": "100ms box-shadow ease",
                      "WebkitBorderRadius": "50%",
                      "WebkitBoxShadow": "inset 0 0 0 15px #FAD0C3",
                      "WebkitTransition": "100ms box-shadow ease",
                      "background": "transparent",
                      "borderRadius": "50%",
                      "boxShadow": "inset 0 0 0 15px #FAD0C3",
                      "cursor": "pointer",
                      "height": "100%",
                      "msBorderRadius": "50%",
                      "msBoxShadow": "inset 0 0 0 15px #FAD0C3",
                      "msTransition": "100ms box-shadow ease",
                      "outline": "none",
                      "position": "relative",
                      "transition": "100ms box-shadow ease",
                      "width": "100%",
                    }
                  }
                  tabIndex={0}
                  title="#FAD0C3"
                />
              </span>
            </div>
          </span>
          <span
            onMouseOut={[Function]}
            onMouseOver={[Function]}
          >
            <div
              style={
                Object {
                  "MozTransform": "scale(1)",
                  "MozTransition": "100ms transform ease",
                  "OTransform": "scale(1)",
                  "OTransition": "100ms transform ease",
                  "WebkitTransform": "scale(1)",
                  "WebkitTransition": "100ms transform ease",
                  "height": 28,
                  "marginBottom": 14,
                  "marginRight": 14,
                  "msTransform": "scale(1)",
                  "msTransition": "100ms transform ease",
                  "transform": "scale(1)",
                  "transition": "100ms transform ease",
                  "width": 28,
                }
              }
            >
              <span
                onBlur={[Function]}
                onFocus={[Function]}
              >
                <div
                  onClick={[Function]}
                  onKeyDown={[Function]}
                  style={
                    Object {
                      "MozBorderRadius": "50%",
                      "MozBoxShadow": "inset 0 0 0 15px #FEF3BD",
                      "MozTransition": "100ms box-shadow ease",
                      "OBorderRadius": "50%",
                      "OBoxShadow": "inset 0 0 0 15px #FEF3BD",
                      "OTransition": "100ms box-shadow ease",
                      "WebkitBorderRadius": "50%",
                      "WebkitBoxShadow": "inset 0 0 0 15px #FEF3BD",
                      "WebkitTransition": "100ms box-shadow ease",
                      "background": "transparent",
                      "borderRadius": "50%",
                      "boxShadow": "inset 0 0 0 15px #FEF3BD",
                      "cursor": "pointer",
                      "height": "100%",
                      "msBorderRadius": "50%",
                      "msBoxShadow": "inset 0 0 0 15px #FEF3BD",
                      "msTransition": "100ms box-shadow ease",
                      "outline": "none",
                      "position": "relative",
                      "transition": "100ms box-shadow ease",
                      "width": "100%",
                    }
                  }
                  tabIndex={0}
                  title="#FEF3BD"
                />
              </span>
            </div>
          </span>
          <span
            onMouseOut={[Function]}
            onMouseOver={[Function]}
          >
            <div
              style={
                Object {
                  "MozTransform": "scale(1)",
                  "MozTransition": "100ms transform ease",
                  "OTransform": "scale(1)",
                  "OTransition": "100ms transform ease",
                  "WebkitTransform": "scale(1)",
                  "WebkitTransition": "100ms transform ease",
                  "height": 28,
                  "marginBottom": 14,
                  "marginRight": 14,
                  "msTransform": "scale(1)",
                  "msTransition": "100ms transform ease",
                  "transform": "scale(1)",
                  "transition": "100ms transform ease",
                  "width": 28,
                }
              }
            >
              <span
                onBlur={[Function]}
                onFocus={[Function]}
              >
                <div
                  onClick={[Function]}
                  onKeyDown={[Function]}
                  style={
                    Object {
                      "MozBorderRadius": "50%",
                      "MozBoxShadow": "inset 0 0 0 15px #e84393",
                      "MozTransition": "100ms box-shadow ease",
                      "OBorderRadius": "50%",
                      "OBoxShadow": "inset 0 0 0 15px #e84393",
                      "OTransition": "100ms box-shadow ease",
                      "WebkitBorderRadius": "50%",
                      "WebkitBoxShadow": "inset 0 0 0 15px #e84393",
                      "WebkitTransition": "100ms box-shadow ease",
                      "background": "transparent",
                      "borderRadius": "50%",
                      "boxShadow": "inset 0 0 0 15px #e84393",
                      "cursor": "pointer",
                      "height": "100%",
                      "msBorderRadius": "50%",
                      "msBoxShadow": "inset 0 0 0 15px #e84393",
                      "msTransition": "100ms box-shadow ease",
                      "outline": "none",
                      "position": "relative",
                      "transition": "100ms box-shadow ease",
                      "width": "100%",
                    }
                  }
                  tabIndex={0}
                  title="#e84393"
                />
              </span>
            </div>
          </span>
          <span
            onMouseOut={[Function]}
            onMouseOver={[Function]}
          >
            <div
              style={
                Object {
                  "MozTransform": "scale(1)",
                  "MozTransition": "100ms transform ease",
                  "OTransform": "scale(1)",
                  "OTransition": "100ms transform ease",
                  "WebkitTransform": "scale(1)",
                  "WebkitTransition": "100ms transform ease",
                  "height": 28,
                  "marginBottom": 14,
                  "marginRight": 14,
                  "msTransform": "scale(1)",
                  "msTransition": "100ms transform ease",
                  "transform": "scale(1)",
                  "transition": "100ms transform ease",
                  "width": 28,
                }
              }
            >
              <span
                onBlur={[Function]}
                onFocus={[Function]}
              >
                <div
                  onClick={[Function]}
                  onKeyDown={[Function]}
                  style={
                    Object {
                      "MozBorderRadius": "50%",
                      "MozBoxShadow": "inset 0 0 0 15px #2d3436",
                      "MozTransition": "100ms box-shadow ease",
                      "OBorderRadius": "50%",
                      "OBoxShadow": "inset 0 0 0 15px #2d3436",
                      "OTransition": "100ms box-shadow ease",
                      "WebkitBorderRadius": "50%",
                      "WebkitBoxShadow": "inset 0 0 0 15px #2d3436",
                      "WebkitTransition": "100ms box-shadow ease",
                      "background": "transparent",
                      "borderRadius": "50%",
                      "boxShadow": "inset 0 0 0 15px #2d3436",
                      "cursor": "pointer",
                      "height": "100%",
                      "msBorderRadius": "50%",
                      "msBoxShadow": "inset 0 0 0 15px #2d3436",
                      "msTransition": "100ms box-shadow ease",
                      "outline": "none",
                      "position": "relative",
                      "transition": "100ms box-shadow ease",
                      "width": "100%",
                    }
                  }
                  tabIndex={0}
                  title="#2d3436"
                />
              </span>
            </div>
          </span>
          <span
            onMouseOut={[Function]}
            onMouseOver={[Function]}
          >
            <div
              style={
                Object {
                  "MozTransform": "scale(1)",
                  "MozTransition": "100ms transform ease",
                  "OTransform": "scale(1)",
                  "OTransition": "100ms transform ease",
                  "WebkitTransform": "scale(1)",
                  "WebkitTransition": "100ms transform ease",
                  "height": 28,
                  "marginBottom": 14,
                  "marginRight": 14,
                  "msTransform": "scale(1)",
                  "msTransition": "100ms transform ease",
                  "transform": "scale(1)",
                  "transition": "100ms transform ease",
                  "width": 28,
                }
              }
            >
              <span
                onBlur={[Function]}
                onFocus={[Function]}
              >
                <div
                  onClick={[Function]}
                  onKeyDown={[Function]}
                  style={
                    Object {
                      "MozBorderRadius": "50%",
                      "MozBoxShadow": "inset 0 0 0 15px #fff",
                      "MozTransition": "100ms box-shadow ease",
                      "OBorderRadius": "50%",
                      "OBoxShadow": "inset 0 0 0 15px #fff",
                      "OTransition": "100ms box-shadow ease",
                      "WebkitBorderRadius": "50%",
                      "WebkitBoxShadow": "inset 0 0 0 15px #fff",
                      "WebkitTransition": "100ms box-shadow ease",
                      "background": "transparent",
                      "borderRadius": "50%",
                      "boxShadow": "inset 0 0 0 15px #fff",
                      "cursor": "pointer",
                      "height": "100%",
                      "msBorderRadius": "50%",
                      "msBoxShadow": "inset 0 0 0 15px #fff",
                      "msTransition": "100ms box-shadow ease",
                      "outline": "none",
                      "position": "relative",
                      "transition": "100ms box-shadow ease",
                      "width": "100%",
                    }
                  }
                  tabIndex={0}
                  title="#fff"
                />
              </span>
            </div>
          </span>
          <span
            onMouseOut={[Function]}
            onMouseOver={[Function]}
          >
            <div
              style={
                Object {
                  "MozTransform": "scale(1)",
                  "MozTransition": "100ms transform ease",
                  "OTransform": "scale(1)",
                  "OTransition": "100ms transform ease",
                  "WebkitTransform": "scale(1)",
                  "WebkitTransition": "100ms transform ease",
                  "height": 28,
                  "marginBottom": 14,
                  "marginRight": 14,
                  "msTransform": "scale(1)",
                  "msTransition": "100ms transform ease",
                  "transform": "scale(1)",
                  "transition": "100ms transform ease",
                  "width": 28,
                }
              }
            >
              <span
                onBlur={[Function]}
                onFocus={[Function]}
              >
                <div
                  onClick={[Function]}
                  onKeyDown={[Function]}
                  style={
                    Object {
                      "MozBorderRadius": "50%",
                      "MozBoxShadow": "inset 0 0 0 15px #C1E1C5",
                      "MozTransition": "100ms box-shadow ease",
                      "OBorderRadius": "50%",
                      "OBoxShadow": "inset 0 0 0 15px #C1E1C5",
                      "OTransition": "100ms box-shadow ease",
                      "WebkitBorderRadius": "50%",
                      "WebkitBoxShadow": "inset 0 0 0 15px #C1E1C5",
                      "WebkitTransition": "100ms box-shadow ease",
                      "background": "transparent",
                      "borderRadius": "50%",
                      "boxShadow": "inset 0 0 0 15px #C1E1C5",
                      "cursor": "pointer",
                      "height": "100%",
                      "msBorderRadius": "50%",
                      "msBoxShadow": "inset 0 0 0 15px #C1E1C5",
                      "msTransition": "100ms box-shadow ease",
                      "outline": "none",
                      "position": "relative",
                      "transition": "100ms box-shadow ease",
                      "width": "100%",
                    }
                  }
                  tabIndex={0}
                  title="#C1E1C5"
                />
              </span>
            </div>
          </span>
          <span
            onMouseOut={[Function]}
            onMouseOver={[Function]}
          >
            <div
              style={
                Object {
                  "MozTransform": "scale(1)",
                  "MozTransition": "100ms transform ease",
                  "OTransform": "scale(1)",
                  "OTransition": "100ms transform ease",
                  "WebkitTransform": "scale(1)",
                  "WebkitTransition": "100ms transform ease",
                  "height": 28,
                  "marginBottom": 14,
                  "marginRight": 14,
                  "msTransform": "scale(1)",
                  "msTransition": "100ms transform ease",
                  "transform": "scale(1)",
                  "transition": "100ms transform ease",
                  "width": 28,
                }
              }
            >
              <span
                onBlur={[Function]}
                onFocus={[Function]}
              >
                <div
                  onClick={[Function]}
                  onKeyDown={[Function]}
                  style={
                    Object {
                      "MozBorderRadius": "50%",
                      "MozBoxShadow": "inset 0 0 0 15px #00b894",
                      "MozTransition": "100ms box-shadow ease",
                      "OBorderRadius": "50%",
                      "OBoxShadow": "inset 0 0 0 15px #00b894",
                      "OTransition": "100ms box-shadow ease",
                      "WebkitBorderRadius": "50%",
                      "WebkitBoxShadow": "inset 0 0 0 15px #00b894",
                      "WebkitTransition": "100ms box-shadow ease",
                      "background": "transparent",
                      "borderRadius": "50%",
                      "boxShadow": "inset 0 0 0 15px #00b894",
                      "cursor": "pointer",
                      "height": "100%",
                      "msBorderRadius": "50%",
                      "msBoxShadow": "inset 0 0 0 15px #00b894",
                      "msTransition": "100ms box-shadow ease",
                      "outline": "none",
                      "position": "relative",
                      "transition": "100ms box-shadow ease",
                      "width": "100%",
                    }
                  }
                  tabIndex={0}
                  title="#00b894"
                />
              </span>
            </div>
          </span>
          <span
            onMouseOut={[Function]}
            onMouseOver={[Function]}
          >
            <div
              style={
                Object {
                  "MozTransform": "scale(1)",
                  "MozTransition": "100ms transform ease",
                  "OTransform": "scale(1)",
                  "OTransition": "100ms transform ease",
                  "WebkitTransform": "scale(1)",
                  "WebkitTransition": "100ms transform ease",
                  "height": 28,
                  "marginBottom": 14,
                  "marginRight": 14,
                  "msTransform": "scale(1)",
                  "msTransition": "100ms transform ease",
                  "transform": "scale(1)",
                  "transition": "100ms transform ease",
                  "width": 28,
                }
              }
            >
              <span
                onBlur={[Function]}
                onFocus={[Function]}
              >
                <div
                  onClick={[Function]}
                  onKeyDown={[Function]}
                  style={
                    Object {
                      "MozBorderRadius": "50%",
                      "MozBoxShadow": "inset 0 0 0 15px #7f8c8d",
                      "MozTransition": "100ms box-shadow ease",
                      "OBorderRadius": "50%",
                      "OBoxShadow": "inset 0 0 0 15px #7f8c8d",
                      "OTransition": "100ms box-shadow ease",
                      "WebkitBorderRadius": "50%",
                      "WebkitBoxShadow": "inset 0 0 0 15px #7f8c8d",
                      "WebkitTransition": "100ms box-shadow ease",
                      "background": "transparent",
                      "borderRadius": "50%",
                      "boxShadow": "inset 0 0 0 15px #7f8c8d",
                      "cursor": "pointer",
                      "height": "100%",
                      "msBorderRadius": "50%",
                      "msBoxShadow": "inset 0 0 0 15px #7f8c8d",
                      "msTransition": "100ms box-shadow ease",
                      "outline": "none",
                      "position": "relative",
                      "transition": "100ms box-shadow ease",
                      "width": "100%",
                    }
                  }
                  tabIndex={0}
                  title="#7f8c8d"
                />
              </span>
            </div>
          </span>
          <span
            onMouseOut={[Function]}
            onMouseOver={[Function]}
          >
            <div
              style={
                Object {
                  "MozTransform": "scale(1)",
                  "MozTransition": "100ms transform ease",
                  "OTransform": "scale(1)",
                  "OTransition": "100ms transform ease",
                  "WebkitTransform": "scale(1)",
                  "WebkitTransition": "100ms transform ease",
                  "height": 28,
                  "marginBottom": 14,
                  "marginRight": 14,
                  "msTransform": "scale(1)",
                  "msTransition": "100ms transform ease",
                  "transform": "scale(1)",
                  "transition": "100ms transform ease",
                  "width": 28,
                }
              }
            >
              <span
                onBlur={[Function]}
                onFocus={[Function]}
              >
                <div
                  onClick={[Function]}
                  onKeyDown={[Function]}
                  style={
                    Object {
                      "MozBorderRadius": "50%",
                      "MozBoxShadow": "inset 0 0 0 15px #006266",
                      "MozTransition": "100ms box-shadow ease",
                      "OBorderRadius": "50%",
                      "OBoxShadow": "inset 0 0 0 15px #006266",
                      "OTransition": "100ms box-shadow ease",
                      "WebkitBorderRadius": "50%",
                      "WebkitBoxShadow": "inset 0 0 0 15px #006266",
                      "WebkitTransition": "100ms box-shadow ease",
                      "background": "transparent",
                      "borderRadius": "50%",
                      "boxShadow": "inset 0 0 0 15px #006266",
                      "cursor": "pointer",
                      "height": "100%",
                      "msBorderRadius": "50%",
                      "msBoxShadow": "inset 0 0 0 15px #006266",
                      "msTransition": "100ms box-shadow ease",
                      "outline": "none",
                      "position": "relative",
                      "transition": "100ms box-shadow ease",
                      "width": "100%",
                    }
                  }
                  tabIndex={0}
                  title="#006266"
                />
              </span>
            </div>
          </span>
          <span
            onMouseOut={[Function]}
            onMouseOver={[Function]}
          >
            <div
              style={
                Object {
                  "MozTransform": "scale(1)",
                  "MozTransition": "100ms transform ease",
                  "OTransform": "scale(1)",
                  "OTransition": "100ms transform ease",
                  "WebkitTransform": "scale(1)",
                  "WebkitTransition": "100ms transform ease",
                  "height": 28,
                  "marginBottom": 14,
                  "marginRight": 14,
                  "msTransform": "scale(1)",
                  "msTransition": "100ms transform ease",
                  "transform": "scale(1)",
                  "transition": "100ms transform ease",
                  "width": 28,
                }
              }
            >
              <span
                onBlur={[Function]}
                onFocus={[Function]}
              >
                <div
                  onClick={[Function]}
                  onKeyDown={[Function]}
                  style={
                    Object {
                      "MozBorderRadius": "50%",
                      "MozBoxShadow": "inset 0 0 0 15px #EA2027",
                      "MozTransition": "100ms box-shadow ease",
                      "OBorderRadius": "50%",
                      "OBoxShadow": "inset 0 0 0 15px #EA2027",
                      "OTransition": "100ms box-shadow ease",
                      "WebkitBorderRadius": "50%",
                      "WebkitBoxShadow": "inset 0 0 0 15px #EA2027",
                      "WebkitTransition": "100ms box-shadow ease",
                      "background": "transparent",
                      "borderRadius": "50%",
                      "boxShadow": "inset 0 0 0 15px #EA2027",
                      "cursor": "pointer",
                      "height": "100%",
                      "msBorderRadius": "50%",
                      "msBoxShadow": "inset 0 0 0 15px #EA2027",
                      "msTransition": "100ms box-shadow ease",
                      "outline": "none",
                      "position": "relative",
                      "transition": "100ms box-shadow ease",
                      "width": "100%",
                    }
                  }
                  tabIndex={0}
                  title="#EA2027"
                />
              </span>
            </div>
          </span>
          <span
            onMouseOut={[Function]}
            onMouseOver={[Function]}
          >
            <div
              style={
                Object {
                  "MozTransform": "scale(1)",
                  "MozTransition": "100ms transform ease",
                  "OTransform": "scale(1)",
                  "OTransition": "100ms transform ease",
                  "WebkitTransform": "scale(1)",
                  "WebkitTransition": "100ms transform ease",
                  "height": 28,
                  "marginBottom": 14,
                  "marginRight": 14,
                  "msTransform": "scale(1)",
                  "msTransition": "100ms transform ease",
                  "transform": "scale(1)",
                  "transition": "100ms transform ease",
                  "width": 28,
                }
              }
            >
              <span
                onBlur={[Function]}
                onFocus={[Function]}
              >
                <div
                  onClick={[Function]}
                  onKeyDown={[Function]}
                  style={
                    Object {
                      "MozBorderRadius": "50%",
                      "MozBoxShadow": "inset 0 0 0 15px #FDA7DF",
                      "MozTransition": "100ms box-shadow ease",
                      "OBorderRadius": "50%",
                      "OBoxShadow": "inset 0 0 0 15px #FDA7DF",
                      "OTransition": "100ms box-shadow ease",
                      "WebkitBorderRadius": "50%",
                      "WebkitBoxShadow": "inset 0 0 0 15px #FDA7DF",
                      "WebkitTransition": "100ms box-shadow ease",
                      "background": "transparent",
                      "borderRadius": "50%",
                      "boxShadow": "inset 0 0 0 15px #FDA7DF",
                      "cursor": "pointer",
                      "height": "100%",
                      "msBorderRadius": "50%",
                      "msBoxShadow": "inset 0 0 0 15px #FDA7DF",
                      "msTransition": "100ms box-shadow ease",
                      "outline": "none",
                      "position": "relative",
                      "transition": "100ms box-shadow ease",
                      "width": "100%",
                    }
                  }
                  tabIndex={0}
                  title="#FDA7DF"
                />
              </span>
            </div>
          </span>
          <span
            onMouseOut={[Function]}
            onMouseOver={[Function]}
          >
            <div
              style={
                Object {
                  "MozTransform": "scale(1)",
                  "MozTransition": "100ms transform ease",
                  "OTransform": "scale(1)",
                  "OTransition": "100ms transform ease",
                  "WebkitTransform": "scale(1)",
                  "WebkitTransition": "100ms transform ease",
                  "height": 28,
                  "marginBottom": 14,
                  "marginRight": 14,
                  "msTransform": "scale(1)",
                  "msTransition": "100ms transform ease",
                  "transform": "scale(1)",
                  "transition": "100ms transform ease",
                  "width": 28,
                }
              }
            >
              <span
                onBlur={[Function]}
                onFocus={[Function]}
              >
                <div
                  onClick={[Function]}
                  onKeyDown={[Function]}
                  style={
                    Object {
                      "MozBorderRadius": "50%",
                      "MozBoxShadow": "inset 0 0 0 15px #44bd32",
                      "MozTransition": "100ms box-shadow ease",
                      "OBorderRadius": "50%",
                      "OBoxShadow": "inset 0 0 0 15px #44bd32",
                      "OTransition": "100ms box-shadow ease",
                      "WebkitBorderRadius": "50%",
                      "WebkitBoxShadow": "inset 0 0 0 15px #44bd32",
                      "WebkitTransition": "100ms box-shadow ease",
                      "background": "transparent",
                      "borderRadius": "50%",
                      "boxShadow": "inset 0 0 0 15px #44bd32",
                      "cursor": "pointer",
                      "height": "100%",
                      "msBorderRadius": "50%",
                      "msBoxShadow": "inset 0 0 0 15px #44bd32",
                      "msTransition": "100ms box-shadow ease",
                      "outline": "none",
                      "position": "relative",
                      "transition": "100ms box-shadow ease",
                      "width": "100%",
                    }
                  }
                  tabIndex={0}
                  title="#44bd32"
                />
              </span>
            </div>
          </span>
          <span
            onMouseOut={[Function]}
            onMouseOver={[Function]}
          >
            <div
              style={
                Object {
                  "MozTransform": "scale(1)",
                  "MozTransition": "100ms transform ease",
                  "OTransform": "scale(1)",
                  "OTransition": "100ms transform ease",
                  "WebkitTransform": "scale(1)",
                  "WebkitTransition": "100ms transform ease",
                  "height": 28,
                  "marginBottom": 14,
                  "marginRight": 14,
                  "msTransform": "scale(1)",
                  "msTransition": "100ms transform ease",
                  "transform": "scale(1)",
                  "transition": "100ms transform ease",
                  "width": 28,
                }
              }
            >
              <span
                onBlur={[Function]}
                onFocus={[Function]}
              >
                <div
                  onClick={[Function]}
                  onKeyDown={[Function]}
                  style={
                    Object {
                      "MozBorderRadius": "50%",
                      "MozBoxShadow": "inset 0 0 0 15px #e1b12c",
                      "MozTransition": "100ms box-shadow ease",
                      "OBorderRadius": "50%",
                      "OBoxShadow": "inset 0 0 0 15px #e1b12c",
                      "OTransition": "100ms box-shadow ease",
                      "WebkitBorderRadius": "50%",
                      "WebkitBoxShadow": "inset 0 0 0 15px #e1b12c",
                      "WebkitTransition": "100ms box-shadow ease",
                      "background": "transparent",
                      "borderRadius": "50%",
                      "boxShadow": "inset 0 0 0 15px #e1b12c",
                      "cursor": "pointer",
                      "height": "100%",
                      "msBorderRadius": "50%",
                      "msBoxShadow": "inset 0 0 0 15px #e1b12c",
                      "msTransition": "100ms box-shadow ease",
                      "outline": "none",
                      "position": "relative",
                      "transition": "100ms box-shadow ease",
                      "width": "100%",
                    }
                  }
                  tabIndex={0}
                  title="#e1b12c"
                />
              </span>
            </div>
          </span>
          <span
            onMouseOut={[Function]}
            onMouseOver={[Function]}
          >
            <div
              style={
                Object {
                  "MozTransform": "scale(1)",
                  "MozTransition": "100ms transform ease",
                  "OTransform": "scale(1)",
                  "OTransition": "100ms transform ease",
                  "WebkitTransform": "scale(1)",
                  "WebkitTransition": "100ms transform ease",
                  "height": 28,
                  "marginBottom": 14,
                  "marginRight": 14,
                  "msTransform": "scale(1)",
                  "msTransition": "100ms transform ease",
                  "transform": "scale(1)",
                  "transition": "100ms transform ease",
                  "width": 28,
                }
              }
            >
              <span
                onBlur={[Function]}
                onFocus={[Function]}
              >
                <div
                  onClick={[Function]}
                  onKeyDown={[Function]}
                  style={
                    Object {
                      "MozBorderRadius": "50%",
                      "MozBoxShadow": "inset 0 0 0 15px #aaa69d",
                      "MozTransition": "100ms box-shadow ease",
                      "OBorderRadius": "50%",
                      "OBoxShadow": "inset 0 0 0 15px #aaa69d",
                      "OTransition": "100ms box-shadow ease",
                      "WebkitBorderRadius": "50%",
                      "WebkitBoxShadow": "inset 0 0 0 15px #aaa69d",
                      "WebkitTransition": "100ms box-shadow ease",
                      "background": "transparent",
                      "borderRadius": "50%",
                      "boxShadow": "inset 0 0 0 15px #aaa69d",
                      "cursor": "pointer",
                      "height": "100%",
                      "msBorderRadius": "50%",
                      "msBoxShadow": "inset 0 0 0 15px #aaa69d",
                      "msTransition": "100ms box-shadow ease",
                      "outline": "none",
                      "position": "relative",
                      "transition": "100ms box-shadow ease",
                      "width": "100%",
                    }
                  }
                  tabIndex={0}
                  title="#aaa69d"
                />
              </span>
            </div>
          </span>
          <span
            onMouseOut={[Function]}
            onMouseOver={[Function]}
          >
            <div
              style={
                Object {
                  "MozTransform": "scale(1)",
                  "MozTransition": "100ms transform ease",
                  "OTransform": "scale(1)",
                  "OTransition": "100ms transform ease",
                  "WebkitTransform": "scale(1)",
                  "WebkitTransition": "100ms transform ease",
                  "height": 28,
                  "marginBottom": 14,
                  "marginRight": 14,
                  "msTransform": "scale(1)",
                  "msTransition": "100ms transform ease",
                  "transform": "scale(1)",
                  "transition": "100ms transform ease",
                  "width": 28,
                }
              }
            >
              <span
                onBlur={[Function]}
                onFocus={[Function]}
              >
                <div
                  onClick={[Function]}
                  onKeyDown={[Function]}
                  style={
                    Object {
                      "MozBorderRadius": "50%",
                      "MozBoxShadow": "inset 0 0 0 15px #218c74",
                      "MozTransition": "100ms box-shadow ease",
                      "OBorderRadius": "50%",
                      "OBoxShadow": "inset 0 0 0 15px #218c74",
                      "OTransition": "100ms box-shadow ease",
                      "WebkitBorderRadius": "50%",
                      "WebkitBoxShadow": "inset 0 0 0 15px #218c74",
                      "WebkitTransition": "100ms box-shadow ease",
                      "background": "transparent",
                      "borderRadius": "50%",
                      "boxShadow": "inset 0 0 0 15px #218c74",
                      "cursor": "pointer",
                      "height": "100%",
                      "msBorderRadius": "50%",
                      "msBoxShadow": "inset 0 0 0 15px #218c74",
                      "msTransition": "100ms box-shadow ease",
                      "outline": "none",
                      "position": "relative",
                      "transition": "100ms box-shadow ease",
                      "width": "100%",
                    }
                  }
                  tabIndex={0}
                  title="#218c74"
                />
              </span>
            </div>
          </span>
          <span
            onMouseOut={[Function]}
            onMouseOver={[Function]}
          >
            <div
              style={
                Object {
                  "MozTransform": "scale(1)",
                  "MozTransition": "100ms transform ease",
                  "OTransform": "scale(1)",
                  "OTransition": "100ms transform ease",
                  "WebkitTransform": "scale(1)",
                  "WebkitTransition": "100ms transform ease",
                  "height": 28,
                  "marginBottom": 14,
                  "marginRight": 14,
                  "msTransform": "scale(1)",
                  "msTransition": "100ms transform ease",
                  "transform": "scale(1)",
                  "transition": "100ms transform ease",
                  "width": 28,
                }
              }
            >
              <span
                onBlur={[Function]}
                onFocus={[Function]}
              >
                <div
                  onClick={[Function]}
                  onKeyDown={[Function]}
                  style={
                    Object {
                      "MozBorderRadius": "50%",
                      "MozBoxShadow": "inset 0 0 0 15px #ff5252",
                      "MozTransition": "100ms box-shadow ease",
                      "OBorderRadius": "50%",
                      "OBoxShadow": "inset 0 0 0 15px #ff5252",
                      "OTransition": "100ms box-shadow ease",
                      "WebkitBorderRadius": "50%",
                      "WebkitBoxShadow": "inset 0 0 0 15px #ff5252",
                      "WebkitTransition": "100ms box-shadow ease",
                      "background": "transparent",
                      "borderRadius": "50%",
                      "boxShadow": "inset 0 0 0 15px #ff5252",
                      "cursor": "pointer",
                      "height": "100%",
                      "msBorderRadius": "50%",
                      "msBoxShadow": "inset 0 0 0 15px #ff5252",
                      "msTransition": "100ms box-shadow ease",
                      "outline": "none",
                      "position": "relative",
                      "transition": "100ms box-shadow ease",
                      "width": "100%",
                    }
                  }
                  tabIndex={0}
                  title="#ff5252"
                />
              </span>
            </div>
          </span>
          <span
            onMouseOut={[Function]}
            onMouseOver={[Function]}
          >
            <div
              style={
                Object {
                  "MozTransform": "scale(1)",
                  "MozTransition": "100ms transform ease",
                  "OTransform": "scale(1)",
                  "OTransition": "100ms transform ease",
                  "WebkitTransform": "scale(1)",
                  "WebkitTransition": "100ms transform ease",
                  "height": 28,
                  "marginBottom": 14,
                  "marginRight": 14,
                  "msTransform": "scale(1)",
                  "msTransition": "100ms transform ease",
                  "transform": "scale(1)",
                  "transition": "100ms transform ease",
                  "width": 28,
                }
              }
            >
              <span
                onBlur={[Function]}
                onFocus={[Function]}
              >
                <div
                  onClick={[Function]}
                  onKeyDown={[Function]}
                  style={
                    Object {
                      "MozBorderRadius": "50%",
                      "MozBoxShadow": "inset 0 0 0 15px #7f8fa6",
                      "MozTransition": "100ms box-shadow ease",
                      "OBorderRadius": "50%",
                      "OBoxShadow": "inset 0 0 0 15px #7f8fa6",
                      "OTransition": "100ms box-shadow ease",
                      "WebkitBorderRadius": "50%",
                      "WebkitBoxShadow": "inset 0 0 0 15px #7f8fa6",
                      "WebkitTransition": "100ms box-shadow ease",
                      "background": "transparent",
                      "borderRadius": "50%",
                      "boxShadow": "inset 0 0 0 15px #7f8fa6",
                      "cursor": "pointer",
                      "height": "100%",
                      "msBorderRadius": "50%",
                      "msBoxShadow": "inset 0 0 0 15px #7f8fa6",
                      "msTransition": "100ms box-shadow ease",
                      "outline": "none",
                      "position": "relative",
                      "transition": "100ms box-shadow ease",
                      "width": "100%",
                    }
                  }
                  tabIndex={0}
                  title="#7f8fa6"
                />
              </span>
            </div>
          </span>
          <span
            onMouseOut={[Function]}
            onMouseOver={[Function]}
          >
            <div
              style={
                Object {
                  "MozTransform": "scale(1)",
                  "MozTransition": "100ms transform ease",
                  "OTransform": "scale(1)",
                  "OTransition": "100ms transform ease",
                  "WebkitTransform": "scale(1)",
                  "WebkitTransition": "100ms transform ease",
                  "height": 28,
                  "marginBottom": 14,
                  "marginRight": 14,
                  "msTransform": "scale(1)",
                  "msTransition": "100ms transform ease",
                  "transform": "scale(1)",
                  "transition": "100ms transform ease",
                  "width": 28,
                }
              }
            >
              <span
                onBlur={[Function]}
                onFocus={[Function]}
              >
                <div
                  onClick={[Function]}
                  onKeyDown={[Function]}
                  style={
                    Object {
                      "MozBorderRadius": "50%",
                      "MozBoxShadow": "inset 0 0 0 15px #BDC581",
                      "MozTransition": "100ms box-shadow ease",
                      "OBorderRadius": "50%",
                      "OBoxShadow": "inset 0 0 0 15px #BDC581",
                      "OTransition": "100ms box-shadow ease",
                      "WebkitBorderRadius": "50%",
                      "WebkitBoxShadow": "inset 0 0 0 15px #BDC581",
                      "WebkitTransition": "100ms box-shadow ease",
                      "background": "transparent",
                      "borderRadius": "50%",
                      "boxShadow": "inset 0 0 0 15px #BDC581",
                      "cursor": "pointer",
                      "height": "100%",
                      "msBorderRadius": "50%",
                      "msBoxShadow": "inset 0 0 0 15px #BDC581",
                      "msTransition": "100ms box-shadow ease",
                      "outline": "none",
                      "position": "relative",
                      "transition": "100ms box-shadow ease",
                      "width": "100%",
                    }
                  }
                  tabIndex={0}
                  title="#BDC581"
                />
              </span>
            </div>
          </span>
          <span
            onMouseOut={[Function]}
            onMouseOver={[Function]}
          >
            <div
              style={
                Object {
                  "MozTransform": "scale(1)",
                  "MozTransition": "100ms transform ease",
                  "OTransform": "scale(1)",
                  "OTransition": "100ms transform ease",
                  "WebkitTransform": "scale(1)",
                  "WebkitTransition": "100ms transform ease",
                  "height": 28,
                  "marginBottom": 14,
                  "marginRight": 14,
                  "msTransform": "scale(1)",
                  "msTransition": "100ms transform ease",
                  "transform": "scale(1)",
                  "transition": "100ms transform ease",
                  "width": 28,
                }
              }
            >
              <span
                onBlur={[Function]}
                onFocus={[Function]}
              >
                <div
                  onClick={[Function]}
                  onKeyDown={[Function]}
                  style={
                    Object {
                      "MozBorderRadius": "50%",
                      "MozBoxShadow": "inset 0 0 0 15px #CAD3C8",
                      "MozTransition": "100ms box-shadow ease",
                      "OBorderRadius": "50%",
                      "OBoxShadow": "inset 0 0 0 15px #CAD3C8",
                      "OTransition": "100ms box-shadow ease",
                      "WebkitBorderRadius": "50%",
                      "WebkitBoxShadow": "inset 0 0 0 15px #CAD3C8",
                      "WebkitTransition": "100ms box-shadow ease",
                      "background": "transparent",
                      "borderRadius": "50%",
                      "boxShadow": "inset 0 0 0 15px #CAD3C8",
                      "cursor": "pointer",
                      "height": "100%",
                      "msBorderRadius": "50%",
                      "msBoxShadow": "inset 0 0 0 15px #CAD3C8",
                      "msTransition": "100ms box-shadow ease",
                      "outline": "none",
                      "position": "relative",
                      "transition": "100ms box-shadow ease",
                      "width": "100%",
                    }
                  }
                  tabIndex={0}
                  title="#CAD3C8"
                />
              </span>
            </div>
          </span>
        </div>
      </div>
      <br />
      <div
        data-testid="id__div__select"
      >
        <label
          data-testid="id__label__country"
        >
          Country:
        </label>
        <br />
        <select
          className="select"
          data-testid="id__select__country"
          id="slct"
          onChange={[Function]}
          value=""
        >
          <option
            data-testid="id__select__1"
            value=""
          >
            Select a country
          </option>
          <option
            data-testid="id__select__2"
            value="Sweden"
          >
            Sweden
          </option>
          <option
            data-testid="id__select__3"
            value="China"
          >
            China
          </option>
          <option
            data-testid="id__select__4"
            value="Brazil"
          >
            Brazil
          </option>
          <option
            data-testid="id__select__5"
            value="Australia"
          >
            Australia
          </option>
        </select>
      </div>
      <br />
      <input
        data-testid="id__input__submit"
        type="submit"
        value="Save"
      />
       
      <br />
    </form>
  </div>
  <div
    className="Toastify"
  />
</section>
`;
